◆ pinglab · train · ping                                      on mnist
━━━━━━━━━━━━━━━━━━━━━━━━━━━━━━━━━━━━━━━━━━━━━━━━━━━━━━━━━━━━━━━━━━━━━━
  data      mnist · digit 0 · sample 0 · ≤160 samples
  network   hidden 64 · Dale's law · E/I 0.5×2.0
  sim       dt 0.5 ms · T 40.0 ms
  train     1 epochs · lr 0.001 · batch 32 · v-dampen 80.0
  run       r-20260802-211443 · git 2ec3ab0 (dirty)
──────────────────────────────────────────────────────────────────────
  seed=1076 (Python, NumPy, torch)
  ▸ loading                                                      mnist
  readout_mode=mem-mean
  ▸ building                       50,816 params · 128 train · 32 test
  ◈ init      E 0Hz · I 0Hz · CV 0.00 · act 0%
      epoch   acc%     loss  │   E/Hz   I/Hz     CV   act%  │     dt      eta
  ───────────────────────────────────────────────────────────────────────────
        1/1     16    2.303  │      3      0   2.26     11  │     1s       0s ↑
──────────────────────────────────────────────────────────────────────
  ✓ best      15.6%   epoch 1/1
  ◷ runtime   1s · 1.8s/epoch · 77 samp/s · cpu
  ◈ end       E 3Hz · I — · CV 2.26 · act 11%
  → output    /home/eoin/pinglab/temp/experiments/exp076/legacy_training/
            config.json 1.4 KB · metrics.json 3.2 KB
            metrics.jsonl 876 B · output.log 1.7 KB · run.jsonl 1.1 KB
            run.sh 408 B · test_predictions.json 8.4 KB
            weights.pth 226.0 KB · weights_final.pth 226.7 KB
──────────────────────────────────────────────────────────────────────
  ✓ done      4s
